
ΓòöΓòÉΓòÉΓòÉΓòÉΓòÉΓòÉΓòÉΓòÉΓòÉΓòÉΓòÉΓòÉΓòÉΓòÉΓòÉΓòÉΓòÉΓòÉΓòÉΓòÉΓòÉΓòÉΓòÉΓòÉΓòÉΓòÉΓòÉΓòÉΓòÉΓòÉΓòÉΓòÉΓòÉΓòÉΓòÉΓòÉΓòÉΓòÉΓòÉΓòÉΓòÉΓòÉΓòÉΓòÉΓòÉΓòÉΓòÉΓòÉΓòÉΓòÉΓòÉΓòÉΓòÉΓòÉΓòÉΓòÉΓòÉΓòÉΓòÉΓòù
Γòæ  ≡ƒº¬ COMPREHENSIVE INTERVAL AGGREGATION TEST              Γòæ
ΓòÜΓòÉΓòÉΓòÉΓòÉΓòÉΓòÉΓòÉΓòÉΓòÉΓòÉΓòÉΓòÉΓòÉΓòÉΓòÉΓòÉΓòÉΓòÉΓòÉΓòÉΓòÉΓòÉΓòÉΓòÉΓòÉΓòÉΓòÉΓòÉΓòÉΓòÉΓòÉΓòÉΓòÉΓòÉΓòÉΓòÉΓòÉΓòÉΓòÉΓòÉΓòÉΓòÉΓòÉΓòÉΓòÉΓòÉΓòÉΓòÉΓòÉΓòÉΓòÉΓòÉΓòÉΓòÉΓòÉΓòÉΓòÉΓòÉΓòÉΓò¥

[36mTesting symbol: AAPL[0m
[36mAPI endpoint: http://localhost:3001[0m
[36mTotal intervals: 32 (11 stored + 21 aggregated)
[0m
[34mΓòÉΓòÉΓòÉ STORED INTERVALS (from database) ΓòÉΓòÉΓòÉ
[0m
[33mMINUTES:[0m
[31m  Γ£ù 1m    - ERROR: Error[0m
[31m  Γ£ù 2m    - ERROR: Error[0m
[31m  Γ£ù 5m    - ERROR: Error[0m
[31m  Γ£ù 15m   - ERROR: Error[0m
[31m  Γ£ù 30m   - ERROR: Error[0m

[33mHOURS:[0m
[31m  Γ£ù 1h    - ERROR: Error[0m
[31m  Γ£ù 2h    - ERROR: Error[0m
[31m  Γ£ù 4h    - ERROR: Error[0m

[33mDAYS:[0m
[31m  Γ£ù 1d    - ERROR: Error[0m
[31m  Γ£ù 1w    - ERROR: Error[0m
[31m  Γ£ù 1mo   - ERROR: Error[0m

[34mΓòÉΓòÉΓòÉ AGGREGATED INTERVALS (on-the-fly) ΓòÉΓòÉΓòÉ
[0m
[33mMINUTES:[0m
[31m  Γ£ù 3m    - ERROR: Error[0m
[31m  Γ£ù 6m    - ERROR: Error[0m
[31m  Γ£ù 10m   - ERROR: Error[0m
[31m  Γ£ù 12m   - ERROR: Error[0m
[31m  Γ£ù 20m   - ERROR: Error[0m
[31m  Γ£ù 45m   - ERROR: Error[0m

[33mHOURS:[0m
[31m  Γ£ù 3h    - ERROR: Error[0m
[31m  Γ£ù 6h    - ERROR: Error[0m
[31m  Γ£ù 8h    - ERROR: Error[0m
[31m  Γ£ù 12h   - ERROR: Error[0m

[33mDAYS:[0m
[31m  Γ£ù 2d    - ERROR: Error[0m
[31m  Γ£ù 3d    - ERROR: Error[0m
[31m  Γ£ù 4d    - ERROR: Error[0m
[31m  Γ£ù 5d    - ERROR: Error[0m

[33mWEEKS:[0m
[31m  Γ£ù 2w    - ERROR: Error[0m
[31m  Γ£ù 3w    - ERROR: Error[0m

[33mMONTHS:[0m
[31m  Γ£ù 2mo   - ERROR: Error[0m
[31m  Γ£ù 3mo   - ERROR: Error[0m
[31m  Γ£ù 4mo   - ERROR: Error[0m
[31m  Γ£ù 6mo   - ERROR: Error[0m
[31m  Γ£ù 12mo  - ERROR: Error[0m

ΓòÉΓòÉΓòÉΓòÉΓòÉΓòÉΓòÉΓòÉΓòÉΓòÉΓòÉΓòÉΓòÉΓòÉΓòÉΓòÉΓòÉΓòÉΓòÉΓòÉΓòÉΓòÉΓòÉΓòÉΓòÉΓòÉΓòÉΓòÉΓòÉΓòÉΓòÉΓòÉΓòÉΓòÉΓòÉΓòÉΓòÉΓòÉΓòÉΓòÉΓòÉΓòÉΓòÉΓòÉΓòÉΓòÉΓòÉΓòÉΓòÉΓòÉΓòÉΓòÉΓòÉΓòÉΓòÉΓòÉΓòÉΓòÉΓòÉ
[36m
≡ƒôè TEST SUMMARY
[0m
[33mStored intervals:     0/11 passed[0m
[33mAggregated intervals: 0/21 passed[0m
[31m
Total: 0/32 passed (0.0%)[0m
[31m
Γ¥î FAILED TESTS:[0m
[31m  - 1m: Error[0m
[31m  - 2m: Error[0m
[31m  - 5m: Error[0m
[31m  - 15m: Error[0m
[31m  - 30m: Error[0m
[31m  - 1h: Error[0m
[31m  - 2h: Error[0m
[31m  - 4h: Error[0m
[31m  - 1d: Error[0m
[31m  - 1w: Error[0m
[31m  - 1mo: Error[0m
[31m  - 3m: Error[0m
[31m  - 6m: Error[0m
[31m  - 10m: Error[0m
[31m  - 12m: Error[0m
[31m  - 20m: Error[0m
[31m  - 45m: Error[0m
[31m  - 3h: Error[0m
[31m  - 6h: Error[0m
[31m  - 8h: Error[0m
[31m  - 12h: Error[0m
[31m  - 2d: Error[0m
[31m  - 3d: Error[0m
[31m  - 4d: Error[0m
[31m  - 5d: Error[0m
[31m  - 2w: Error[0m
[31m  - 3w: Error[0m
[31m  - 2mo: Error[0m
[31m  - 3mo: Error[0m
[31m  - 4mo: Error[0m
[31m  - 6mo: Error[0m
[31m  - 12mo: Error[0m
[36m
≡ƒôê AGGREGATION EFFICIENCY:[0m

ΓòÉΓòÉΓòÉΓòÉΓòÉΓòÉΓòÉΓòÉΓòÉΓòÉΓòÉΓòÉΓòÉΓòÉΓòÉΓòÉΓòÉΓòÉΓòÉΓòÉΓòÉΓòÉΓòÉΓòÉΓòÉΓòÉΓòÉΓòÉΓòÉΓòÉΓòÉΓòÉΓòÉΓòÉΓòÉΓòÉΓòÉΓòÉΓòÉΓòÉΓòÉΓòÉΓòÉΓòÉΓòÉΓòÉΓòÉΓòÉΓòÉΓòÉΓòÉΓòÉΓòÉΓòÉΓòÉΓòÉΓòÉΓòÉΓòÉ

